  prompts 968 · pool 16 · C(16,4) = 1820
  KILL ①  blind max  0.55747530882624  |Δ|=0.000e+00  PASS
  KILL ②  coval_core 0.5664774811929549  |Δ|=0.000e+00  PASS
  KILL ③  R860 MDE   0.010343530538451993
          committed  0.010343530538451993  |Δ|=0.000e+00  PASS
    Replays R860's seed AND its draw ORDER, so this compares against the number on disk
    rather than against a fresh re-derivation of it.

       w    ratio  sd(draws)   switch%  winners    mde_fix    mde_sel
       1   1.0000   0.00e+00      0.0%      1.0   0.011034   0.011034
      30   0.9901   1.05e-02     12.4%      5.7   0.010390   0.010286
     100   0.9729   1.37e-02     44.5%     11.1   0.010277   0.009997
     300   0.9698   2.13e-02     60.2%     19.5   0.010341   0.010023
    1000   0.9631   5.26e-03     60.7%     26.7   0.010340   0.009958
    1820   0.9564   3.06e-03     69.3%     36.7   0.010391   0.009937

  PLACEBO  w=1: the two constructions are one object -> ratio must be exactly 1.000
           got 1.0, switch 0.000  PASS
  POSITIVE the argmax SWITCHES at every width > 1: True  PASS

  ⭐ ratio at w=30: 0.9901   at w=1820: 0.9564   trend -0.0337
  ⭐ WORLD A: clipping STRENGTHENS with width — extreme-value concentration dominates, and every wide max-bar MDE in this project is conservative by a WIDENING margin

  ⭐ R860's published margin/MDE 0.870 -> 0.910 once the argmax is re-selected
     STILL BELOW this project's 1.5× floor  (it would need ratio <= 0.5800 to clear)
     ⚠ R861 refused to transfer 0.966 here. This round MEASURED it here instead, and
       the two numbers are reported side by side rather than one standing for both.

  artifact: results/width_sweep.json @ 79d1f1e5
