  prompts 968 · family 1820 · argmax arm #218 0.5574753088
  comparator means: single_genericpool16 0.5422 · family_mean 0.5386 · family_p75 0.5672 · family_p90 0.5843 · argmax_arm 0.5575 · per_prompt_max 0.6245
  arms 99 on the shared 968-prompt population

  comparator             core margin core ratio   A   B  count_A  count_B
  single_genericpool16     +0.024245    +2.2524  ✓  ✓       26       28
  family_mean              +0.027912    +2.8166  ✓  ✓       26       29
  family_p75               -0.000683    -0.0683  ✗  ✗       13       13
  family_p90               -0.017803    -1.8459  ✗  ✗       11       12
  argmax_arm               +0.009002    +0.8639  ✗  ✓       13       17
  per_prompt_max           -0.057981    -6.2433  ✗  ✗        0        0

  KILL ① MONOTONICITY along ['family_mean', 'family_p75', 'family_p90', 'per_prompt_max']
         A [26, 13, 11, 0] · B [29, 13, 12, 0]  ->  True  PASS
    A DERIVATION: those comparators are pointwise non-decreasing, so the counts must
    fall. Useless as evidence, perfect as a wiring check — non-monotone means the
    implementation is wrong, not that the world is interesting.
  KILL ② placebo argmax arm vs itself +0.00e+00  PASS
  KILL ③ `oracle_k4` clears under the WEAKEST comparator (family_mean): True  PASS
  KILL ④ `random_k4_s0` fails under the STRONGEST (per_prompt_max): True  PASS

  ⭐ `coval_core` clause-② verdict across 6 comparators:
     under A (ratio>=1.5): ['✓', '✓', '✗', '✗', '✗', '✗']
     under B (BH+CI)         : ['✓', '✓', '✗', '✗', '✓', '✗']
  ⭐ WORLD C: the verdict flips AND the two criteria flip at DIFFERENT points — comparator and criterion interact, and the clause must state both

  artifact: results/comparator_sweep.json @ 303d4b04
