  POSITIVE  R871's by_date rates [0.0, 0.0, 0.364, 0.0, 0.0, 0.273] -> ENDPOINT_ONLY: True  PASS
  g=0       R862's width ratios [0.9901, 0.9729, 0.9698, 0.9631, 0.9564] -> MONOTONE: True  PASS
  PLACEBO   a constant series is FLAT, never a direction: True  PASS
    Both arms are REAL committed artifacts with known answers — R869 built a classifier
    whose positive category no real item ever entered, and this is that remedy applied.

  129 round(s) assert a direction AND carry a series  ·  510 no direction word  ·  184 direction word but no series
  ⚠ 86 carry MORE THAN ONE series and are AMBIGUOUS — the direction
    word cannot be matched to a specific series by co-location. Excluded from the
    headline, reported in the artifact.

  ⭐ UNAMBIGUOUS rounds: 43
     ENDPOINT_ONLY (middle violates the claimed direction): 21  = 0.488
       R105_specific_share_invariance                           [0.695, 0.699, 0.684]
       R145_who_is_unserved                                     [0.109, 0.108, 0.112, 0.107, 0.108]
       R181_whose_criteria_survive                              [0.1, 0.067, 0.063, 0.076]
       R215_remaining                                           [0.002, -0.067, 0.059]
       R238_difficulty_matched                                  [0.099, 0.099, 0.098, 0.096, 0.097]
       R261_hash_seed_sweep                                     [0.382, 0.388, 0.006]
       R262_the_floors_R261_said_it_could_not_reach             [0.385, 0.382, 0.382, 0.388]
       R304_is_the_boundary_resolvable                          [-0.008, -0.02, 0.004]

  ⭐ WORLD B: a substantial share are ENDPOINT-ONLY — the corpus carries directional claims its own data does not support
     ⚠ Co-location, not parsing: a round's direction word is matched to its artifact's
       series by being in the same round. That is why multi-series rounds are excluded.

  artifact: results/endpoint_claims.json @ c16df758
