  KILL ① ④'s window == ['family_p90'] AND published comparator OUTSIDE: True  PASS
  KILL ② ②'s window contains 'argmax_arm': True  PASS
  KILL ③ R865: ② readable, ④′ excluded, only_A == 0 (A ⊂ B strictly): True  PASS
  KILL ④ R866 world == 'C' (comparator × criterion interact): True  PASS

  ⭐⭐ THE DEFINITION, RESTATED — every clause with its scope bound

  ①  better than a random draw of the prompt's own rubric
      -> DROPPED — DOMINATED
      comparator: n/a — no comparator can rescue a dominated bar
      criterion : invariant (DERIVED clauses carry no threshold)
  ②  better than a prompt-blind set
      -> RETAINED — and it is the ONLY clause doing score work
      comparator: MUST BE NAMED. Published: argmax_arm. Vacuous at per_prompt_max (0 of 99 arms, oracle included).
      criterion : MUST BE NAMED. `ratio >= 1.5` is strictly stricter than BH q=0.05 + CI.
  ③  consumes no prompt-specific labels
      -> RETAINED — provenance, no bar
      comparator: invariant
      criterion : invariant
  ④  better than every criterion-free rule
      -> DROPPED — VACUOUS OR UNMET, at every comparator tested
      comparator: no comparator makes it both meaningful and satisfied
      criterion : UNVERIFIABLE — its negative control clears the clause (R865, R850 at 7 of 8 class sizes)

  ⭐ RETAINED ['②', '③'] · DROPPED ['①', '④']
  ⭐ WORLD B: the definition is SHORTER than published, and each drop carries the measurement that dropped it

  ⭐⭐⭐ THE STATEMENT THIS PROGRAMME NOW SUPPORTS:
     A CORE is a criterion set of size > 1 that (③) consumes no prompt-specific
     labels and (②) beats a prompt-blind comparator — WITH THE COMPARATOR AND THE
     ADMISSIBILITY CRITERION NAMED, because the clause admits 29 arms or 0 depending
     on the first and 23 or 29 depending on the second.
     ① is dropped as dominated. ④ is dropped as vacuous-or-unmet.
     ⚠ SIZE: the design supports 'more than one'; 3 to 8 are indistinguishable, so no
       number is stated. That bound is what the k-sweep could resolve, not a choice.
     ⚠ AND THE CEILING ON ALL OF IT: this is still written from a release shipping
       exactly ONE core, so `the definition describes the instance` stays live for
       every clause above. It would take a second release to retire it.

  artifact: results/definition_restated.json @ 4b379607
