  prompts 968 · arms 99 · NBOOT 500 (matches R878) · rejected arms used for the difficulty stratifier: 71

    k  ref mean  ref p2.5      MDE      sd    TIE J   DIFF J   rnd2 J  readable
    2    0.9272    0.8576   0.0696  0.0283   0.8621   0.7097   0.9286  yes
    3    0.8512    0.7247   0.1266  0.0538   0.8998   0.6647   0.8001  yes
    4    0.7764    0.6926   0.0838  0.0518   0.7619   0.6232   0.8438  yes
    5    0.7217    0.6607   0.0610  0.0347   0.6913   0.6222   0.7368  yes
    6    0.7082    0.6680   0.0402  0.0228   0.6843   0.5936   0.6707  yes
    7    0.6933    0.6646   0.0287  0.0201   0.6807   0.6288   0.6943  yes
    8    0.6902    0.6553   0.0349  0.0165   0.6571   0.6428   0.6819  yes

  ① POSITIVE  stratifying by DIFFICULTY is detected at some k: True  PASS  (k = [2, 3, 4, 5, 6, 7, 8])
     R877 measured difficulty at r = -0.7069 with the admitted set's axis. If the
     design cannot see stratification on THAT, no MDE below is readable.
  ② g=0  a SECOND random stratification lands inside the CI at every k: True  PASS
  ③ reference has non-zero spread at every readable k: True  PASS

  ⭐ smallest detectable membership shift: 0.0287 at k = 7
     R878 ran at k=3 with MDE 0.1266
  ⭐ WORLD A: MDE SHRINKS with k — more strata buys resolution and R878 at k=3 left sensitivity on the table
     ⚠ My own NEXT assumed the CI narrows with k. That was a fork, not a derivation,
       and the curve above is what settles it.
     ⭐ SO R878's NULL NOW HAS A SIZE: clause ②'s verdict is invariant to tie rate
       against a membership shift of 0.0287 or larger. Smaller remains open.

  artifact: results/power_curve.json @ 3483e77d
