[load] 966 prompts  (0.0s)
[A0] {"n_prompts": 966, "n_assessments": 15566, "frac_assessments_with_personal": 0.30124223602484473, "frac_assessments_with_world": 1.0, "frac_prompts_zero_personal": 0.6987577639751553, "frac_prompts_near_full_personal": 0.30124223602484473, "weight_matrix_fill_rate": 0.3974184044840451}
[A1] {"response_main": 0.13663909348663408, "criterion_main": 0.485019362389678, "interaction": 0.3783415441236889}
[tabs] built (0.1s)
[enum] main         raw uniform   prompts= 966 subsets=  3195495 tie-rate=5.06e-04 (0.7s)
[enum] main         raw signed    prompts= 966 subsets=  3195495 tie-rate=1.35e-04 (1.2s)
[enum] main         z   uniform   prompts= 966 subsets=  3195495 tie-rate=1.14e-04 (1.8s)
[enum] main         z   signed    prompts= 966 subsets=  3195495 tie-rate=1.11e-04 (2.4s)
[enum] phi          raw uniform   prompts= 966 subsets=  3195495 tie-rate=3.61e-04 (2.9s)
[enum] phi          raw signed    prompts= 966 subsets=  3195495 tie-rate=1.20e-04 (3.4s)
[enum] phi          z   uniform   prompts= 966 subsets=  3195495 tie-rate=9.89e-05 (4.0s)
[enum] phi          z   signed    prompts= 966 subsets=  3195495 tie-rate=1.01e-04 (4.5s)
[enum] qwen3b       raw uniform   prompts= 966 subsets=  3195495 tie-rate=4.38e-06 (5.0s)
[enum] qwen3b       raw signed    prompts= 966 subsets=  3195495 tie-rate=2.19e-06 (5.6s)
[enum] qwen3b       z   uniform   prompts= 966 subsets=  3195495 tie-rate=6.26e-07 (6.1s)
[enum] qwen3b       z   signed    prompts= 966 subsets=  3195495 tie-rate=1.88e-06 (6.7s)
[enum] v_default    raw uniform   prompts= 300 subsets=  1086413 tie-rate=0.00e+00 (6.8s)
[enum] v_default    raw signed    prompts= 300 subsets=  1086413 tie-rate=0.00e+00 (7.0s)
[enum] v_default    z   uniform   prompts= 300 subsets=  1086413 tie-rate=0.00e+00 (7.2s)
[enum] v_default    z   signed    prompts= 300 subsets=  1086413 tie-rate=0.00e+00 (7.4s)
[enum] v_nofewshot  raw uniform   prompts= 300 subsets=  1086413 tie-rate=0.00e+00 (7.6s)
[enum] v_nofewshot  raw signed    prompts= 300 subsets=  1086413 tie-rate=0.00e+00 (7.7s)
[enum] v_nofewshot  z   uniform   prompts= 300 subsets=  1086413 tie-rate=0.00e+00 (7.9s)
[enum] v_nofewshot  z   signed    prompts= 300 subsets=  1086413 tie-rate=0.00e+00 (8.1s)
[enum] v_swapped    raw uniform   prompts= 300 subsets=  1086413 tie-rate=0.00e+00 (8.3s)
[enum] v_swapped    raw signed    prompts= 300 subsets=  1086413 tie-rate=0.00e+00 (8.5s)
[enum] v_swapped    z   uniform   prompts= 300 subsets=  1086413 tie-rate=0.00e+00 (8.6s)
[enum] v_swapped    z   signed    prompts= 300 subsets=  1086413 tie-rate=0.00e+00 (8.8s)
[enum] main         raw signed_m0 prompts= 966 subsets=  3195495 tie-rate=1.30e-04 (9.4s)
[enum] main         z   signed_m0 prompts= 966 subsets=  3195495 tie-rate=1.12e-04 (9.9s)
[A2] {"mean_achievable_orderings": 13.194616977225673, "median_achievable_orderings": 12.0, "frac_prompts_single_ordering": 0.0010351966873706005, "mean_max_ordering_freq": 0.3903823698570583, "frac_prompts_maxfreq_gt_0p95": 0.004140786749482402}
[grid] 286 cells
  [  0/286] main        raw uniform intrinsic tau_b  eta=+0.982 d=+0.2466 headroom=0.2511 (11s)
  [ 12/286] main        raw signed  intrinsic top1   eta=+1.240 d=+0.0399 headroom=0.0338 (17s)
  [ 24/286] main        z uniform intrinsic pair   eta=+0.995 d=+0.1033 headroom=0.1040 (23s)
  [ 36/286] main        z signed  personal  tau_b  eta=+0.114 d=+0.0162 headroom=0.1431 (29s)
  [ 48/286] phi         raw uniform personal  top1   eta=+0.361 d=+0.0455 headroom=0.1269 (35s)
  [ 60/286] phi         raw signed  personal  pair   eta=+0.259 d=+0.0249 headroom=0.0963 (41s)
  [ 72/286] phi         z uniform personal  veto   eta=+0.633 d=+0.0827 headroom=0.1317 (47s)
  [ 84/286] phi         z signed  world     tau_b  eta=+0.332 d=+0.0673 headroom=0.2027 (54s)
  [ 96/286] qwen3b      raw uniform world     top1   eta=+0.446 d=+0.0697 headroom=0.1564 (60s)
  [108/286] qwen3b      raw signed  world     pair   eta=+0.254 d=+0.0239 headroom=0.0941 (67s)
  [120/286] qwen3b      z uniform world     veto   eta=+0.528 d=+0.0877 headroom=0.1669 (73s)
  [132/286] v_default   raw uniform intrinsic tau_b  eta=+0.916 d=+0.2240 headroom=0.2450 (78s)
  [144/286] v_default   raw signed  intrinsic top1   eta=+1.062 d=+0.0255 headroom=0.0322 (81s)
  [156/286] v_default   z uniform intrinsic pair   eta=+1.011 d=+0.0992 headroom=0.0985 (83s)
  [168/286] v_default   z signed  personal  tau_b  eta=-0.026 d=-0.0029 headroom=0.1231 (85s)
  [180/286] v_nofewshot raw uniform personal  top1   eta=+0.360 d=+0.0538 headroom=0.1510 (86s)
  [192/286] v_nofewshot raw signed  personal  pair   eta=-0.241 d=-0.0235 headroom=0.1000 (88s)
  [204/286] v_nofewshot z uniform personal  veto   eta=+0.711 d=+0.1077 headroom=0.1535 (90s)
  [216/286] v_nofewshot z signed  world     tau_b  eta=-0.244 d=-0.0691 headroom=0.2831 (92s)
  [228/286] v_swapped   raw uniform world     top1   eta=+0.518 d=+0.0968 headroom=0.1871 (94s)
  [240/286] v_swapped   raw signed  world     pair   eta=+0.099 d=+0.0079 headroom=0.0794 (97s)
  [252/286] v_swapped   z uniform world     veto   eta=+0.765 d=+0.1228 headroom=0.1636 (99s)
  [264/286] main        raw signed_m0 intrinsic tau_b  eta=+1.045 d=+0.1218 headroom=0.1169 (101s)
  [276/286] main        z signed_m0 intrinsic top1   eta=+1.102 d=+0.0848 headroom=0.0777 (107s)
[C] {"cells_tested": 286, "cells_surviving_bh": 219, "q": 0.05, "n_delta_positive": 253, "n_delta_negative": 33, "n_ci_excludes_zero": 221, "n_ci_excl_zero_negative": 7}
[write] grid.json  (112s)
[D] A3 done (112s)
[D] positive control done (113s)
[D] core-path control done (114s)
[D] negative control done (122s)
[D] all controls done (123s)
[write] results.json  (123s)
[E] {"K1_delta_ci_excludes_zero": true, "K2_majority_negative_significant": false, "K3_eta_ci_upper_below_half": false, "K4_sham_overlaps_core": false, "K4prime_core_minus_topw": -0.022443167701863338, "K4prime_core_minus_topw_ci": [-0.040650448585231265, -0.005036231884058221], "K4prime_cells_where_topw_beats_core_significantly": 76, "K4prime_cells_where_core_beats_topw_significantly": 0, "K5_cells_admissible": 280, "K5_cells_total": 286, "eta_across_admissible_cells": {"median": 0.4888787805591813, "q10": -0.029171069485642832, "q90": 1.0447631038934047, "frac_above_0p5": 0.48928571428571427, "frac_below_0": 0.11785714285714285}, "eta_sham_across_admissible": {"median": 0.12041901395381895}}
[write] specification_curve.tsv  (123s)
