  prompts with BOTH annotator halves: 1078
  reference class R: 394 rules · score vectors computed once
  arms: 99 · per-arm prompt coverage min 200 · median 968 · max 968
  ⚠ NOT intersected across arms: an all-arm intersection left 87 prompts and would
    have made this curve incomparable with R849's cell.

    |R|   extension (real)    noise   excess  controls
      5               63.8     55.2      8.5  pos PASS · neg FAIL  -> UNVERIFIED at this size
     10               64.2     47.9     16.4  pos PASS · neg FAIL  -> UNVERIFIED at this size
     20               59.9     38.0     21.9  pos PASS · neg FAIL  -> UNVERIFIED at this size
     30               57.1     38.2     18.9  pos PASS · neg FAIL  -> UNVERIFIED at this size
     50               48.8     30.8     18.0  pos PASS · neg FAIL  -> UNVERIFIED at this size
    100               47.0     30.4     16.6  pos PASS · neg FAIL  -> UNVERIFIED at this size
    200               43.8     30.8     13.0  pos PASS · neg FAIL  -> UNVERIFIED at this size
    394               41.0     30.0     11.0  pos PASS · neg PASS

  ⚠ ONLY 1 SIZE PASSES ITS CONTROLS (|R| = 394). The curve's SHAPE is reported as a
    property of the PROCEDURE; the CLAUSE's extension is admissible at that size
    alone. A trend fitted across sizes whose negative control fails would be a
    trend in how often a random arm is admitted, not in the clause.

  ⭐ extension 63.8 at |R|=5 → 41.0 at |R|=394  (Δ -22.8) over the WHOLE swept range
  ⭐ NOISE extension at |R|=394: 30.0 of 99 arms — EXCESS over what the procedure admits for free is only 11.0
     ⚠ R849 reported the bare extension and ran NO noise arm. This is the number that
     downgrades it: most of what ④′ admits, it admits against a shuffled target too.
  ⭐ WORLD B: falls but STABILISES well above 1 — selectivity is a property of the CLAUSE
     ⚠ the FALL itself is forced (a max over a larger set is larger); only the RATE
     and the LEVEL it settles at could have come out otherwise.

  artifact: results/extension_vs_class_size.json @ 25368036
