  prompts 968 · family 1820 · argmax #218 0.5574753088 · runner-up #217 0.5572285602
  KILL ①  blind max |Δ|=0.000e+00  ·  coval_core |Δ|=0.000e+00  PASS
  KILL ②  R860 MDE  |Δ|=0.000e+00  PASS
  PLACEBO  argmax vs ITSELF: margin +0.000e+00  PASS
  KILL ③   LOO null NON-DEGENERATE (some arm beats its comparator): True  PASS   (1 of 1820 positive)
    Only the argmax can beat the max of the others, so a degenerate null here would be
    a threshold with no false-positive rate to calibrate — a check that cannot fail.

  LOO NULL of `margin/MDE` over all 1820 cells (the WHOLE distribution, not its tail):
    p50     -2.1843
    p90     -1.2597
    p95     -1.0113
    p99     -0.5257
    p99.9   -0.1390
    p100    +0.0513

  ⭐ `coval_core` ratio +0.8683  (margin +0.0090021724, MDE 0.0103681586)
     sits at the 100.000th percentile of the LOO null

  ⭐ null p95 = -1.0113  vs the project's floor 1.5
  ⭐ WORLD A: the floor is FAR over-strict against a max comparator — it rejects at a far smaller false-positive rate than it was chosen to deliver
     empirical false-positive rate of `ratio >= 1.5` under this null: 0.0000%  (0 of 1820)

  POSITIVE CONTROL  plant g on the arm; the ratio must RISE and must NOT clear 1.5 at g=0
    g=0.0    ratio +0.8683  below
    g=0.005  ratio +1.3505  below
    g=0.01   ratio +1.8327  CLEARS
    g=0.02   ratio +2.7972  CLEARS
    g=0.04   ratio +4.7262  CLEARS
    monotone in g: True  PASS   ·   does NOT clear at g=0: True  PASS
    smallest planted g clearing the floor: 0.01

  SECOND NULL (shuffled target, does NOT share the LOO null's membership defect):
    core-vs-max ratio over 3 seeds: [-0.1038, 0.0258, -0.2815]  mean -0.1198
    ⚠ reported BESIDE the LOO null, not merged into it — the two nulls destroy different structure.

  artifact: results/floor_calibration.json @ 24de67ee
