  POSITIVE  an out-of-scope write is seen as REPO: True  PASS
  g=0       a self-scoped write is seen as SELF: True  PASS
  g=0       a gate with NO writes yields an EMPTY list: True  PASS
    The third arm exists because a scoper that returns REPO for everything passes the
    first arm trivially — the positive control alone cannot tell a detector from a
    rubber stamp.
<unknown>:60: SyntaxWarning: invalid escape sequence '\('
<unknown>:57: SyntaxWarning: invalid escape sequence '\d'

  69 gate(s) parsed · 1 unparseable: ['_one_home_per_claim_UNVALIDATED.py']
    READ_ONLY        39   no write site at all
    SELF_ONLY         3   writes only under assurance/ (own results/frozen)
    CAN_WRITE_REPO   27   at least one REPO or UNRESOLVED target

  ⚠ R868's crude name-level heuristic called 26 of 70 writers. This resolves them by
    DESTINATION instead, which is the property that decides whether a rerun is safe.

  ⭐ SAFE-TO-INJECT SET (R868's missing input): 42 of 69
  ⭐ MUST BE ISOLATED: 27
      HEADLINES.py                                  2 site(s), 2 unresolved
      _isolated.py                                  9 site(s), 9 unresolved
      _repair.py                                   25 site(s), 25 unresolved
      a_seed_must_be_stable.py                      3 site(s), 3 unresolved
      apply_freeze_status.py                        1 site(s), 1 unresolved
      apply_outcome_scope.py                        1 site(s), 1 unresolved
      artifacts_are_internally_coherent.py          4 site(s), 4 unresolved
      attack_every_check.py                        12 site(s), 12 unresolved
      attack_no_withdrawn_framings.py               9 site(s), 9 unresolved
      attack_outcome_variable_declared.py           6 site(s), 6 unresolved
      ... and 17 more (all in the artifact)

  ⭐ WORLD B: a minority can write outside assurance/ — R868 can be finished for everything but the named few, and its 40% was too conservative
     ⚠ This is a STATIC read. It BOUNDS the safe set and cannot prove a path is never
       written at runtime; UNRESOLVED is counted as REPO for exactly that reason.

  artifact: results/write_scope.json @ 1f20ec00
