  release contains 18384 annotator rankings; entry 1352 consumed 3234 (17.6%)

  PLACEBO  coval_core - itself: graded +0.00e+00  exact +0.00e+00  PASS
  POSITIVE CONTROL  same stable seed twice -> byte-identical: True  PASS
  g=0               a DIFFERENT seed changes the draw: True  PASS
    Both are required. Reproducibility alone is satisfied by a constant, and a constant
    is exactly what an unseeded-but-cached draw looks like from the outside.
    3-draw exact at two seed sets: +0.0010 vs +0.0052  -> spread 0.0041, which is the quantity 1352 never measured
    entry 1352 published +0.0083 from an UNSEEDED draw: UNVERIFIED, not a target

  cap     metric          obs                  95% CI      MDE  verdict
  3 draws graded      +0.0191   [+0.0099, +0.0285]   0.0133  RESOLVED
  3 draws exact       +0.0010   [-0.0103, +0.0127]   0.0163  contains 0
  <=16    graded      +0.0159   [+0.0084, +0.0235]   0.0107  RESOLVED
  <=16    exact       +0.0085   [+0.0016, +0.0155]   0.0098  RESOLVED
  <=64    graded      +0.0151   [+0.0076, +0.0226]   0.0106  RESOLVED
  <=64    exact       +0.0073   [+0.0005, +0.0141]   0.0096  RESOLVED
  ALL     graded      +0.0151   [+0.0076, +0.0226]   0.0106  RESOLVED
  ALL     exact       +0.0073   [+0.0005, +0.0141]   0.0096  RESOLVED

  NEGATIVE (sham - generic, exact, ALL): -0.0193 [-0.0255, -0.0129]
    Reported as a magnitude ONLY. The sham is misdirected rather than absent, so this
    bounds benefit+harm and is NOT the ingredient's value (register: poison, not placebo).

  ⭐ WORLD A: exact-class on ALL annotators is RESOLVED (CI width 0.0135 vs 0.0231 at 3 draws)

  artifact: results/exact_class_full_annotators.json @ 05838911
