  POSITIVE  R866 dates to the newest day in the corpus (2026-08-06 vs 2026-08-06): True  PASS
  g=0       an absent path returns no date, not a default: True  PASS
  PLACEBO   a file with no WORLDS block parses to None: True  PASS
    Arm 2 exists because a map that invents a date for everything passes arm 1 by luck.

  822 round(s) · 527 dated by git · 822 R-numbered
  overall WORLDS-block rate: 57/822 = 0.069

  by GIT DATE (equal-count sextiles):
    2026-08-03 .. 2026-08-04   n=  87   block rate 0.000  
    2026-08-04 .. 2026-08-04   n=  88   block rate 0.000  
    2026-08-04 .. 2026-08-05   n=  88   block rate 0.364  ██████████████
    2026-08-05 .. 2026-08-05   n=  88   block rate 0.000  
    2026-08-05 .. 2026-08-05   n=  88   block rate 0.000  
    2026-08-05 .. 2026-08-06   n=  88   block rate 0.273  ██████████
  by R-NUMBER (equal-count sextiles):
    R1     .. R148     n= 137   block rate 0.000  
    R149   .. R288     n= 137   block rate 0.000  
    R289   .. R428     n= 137   block rate 0.000  
    R429   .. R594     n= 137   block rate 0.234  █████████
    R595   .. R731     n= 137   block rate 0.000  
    R732   .. R871     n= 137   block rate 0.182  ███████

  KILL ③  the two axes agree on direction: True  PASS   (git +0.273 · R-number +0.182)

  ⭐ WORLD A: the rate RISES — late adoption; the 765 blockless rounds are historical and the practice is improving
     newest sextile rate 0.273 · oldest 0.000 · Δ +0.273
     ⚠ OBSERVATIONAL. Nothing here intervenes on whether a round got a block, so this
       dates the practice; it does not explain it.

  artifact: results/convention_trend.json @ 17b847a1
