  POSITIVE  R866 recovers as position 3 of 3 (declared ['A', 'B', 'C'], took C): True  PASS
  g=0       a two-label block yields exactly ['A','B']: ['A', 'B']  PASS
    The g=0 arm exists because a parser returning a constant passes the first arm by
    luck. R869's scoper passed its positive control while being blind to the corpus.

  52 round(s) pair a WORLDS block with a recorded world
    ⚠ EXCLUDED and REPORTED: 765 run.py without a parseable WORLDS block · 4 with a block but no machine-readable outcome


  declared-count distribution: {2: 37, 3: 14, 4: 1}
  position taken:              {1: 22, 2: 25, 3: 5}
  ⭐ took the FIRST-declared world: 22/52 = 0.423
     uniform-over-declared expectation: 0.450

  per-label occupancy (among rounds that DECLARED it):
    A  declared in  52  taken  22  rate 0.423
    B  declared in  52  taken  25  rate 0.481
    C  declared in  15  taken   5  rate 0.333
    D  declared in   1  taken   0  rate 0.000

  ⭐ WORLD C: position is spread BUT some declared labels are never entered anywhere — the forks are real yet over-declared, and the trailing world is written to look thorough
     never-entered labels: ['D']
     ⚠ This is OBSERVATIONAL over my own corpus. It cannot say a fork was GENUINE,
       only that its branches were used — a fork can be exercised and still be cheap.

  artifact: results/world_occupancy.json @ 785b8110
